run gnn-gcn256L2_nobias_real_f1.0_lr1e-03_s0 @ 4638a4fe
epoch    0 loss 1.3807 val_auroc 0.7786 best 0.7786@0
epoch  100 loss 0.5620 val_auroc 0.8900 best 0.8900@100
epoch  200 loss 0.3057 val_auroc 0.9157 best 0.9186@193
epoch  300 loss 0.2395 val_auroc 0.9146 best 0.9190@219
epoch  400 loss 0.1955 val_auroc 0.9113 best 0.9190@219
done gnn-gcn256L2_nobias_real_f1.0_lr1e-03_s0  auc=0.9317 ap=0.9373 ap_sparse=0.0111 best_epoch=219 0.05s/epoch peak=0.295688192GB
run gnn-gcn256L2_nobias_real_f1.0_lr1e-03_s1 @ 4638a4fe
epoch    0 loss 1.3724 val_auroc 0.8087 best 0.8087@0
epoch  100 loss 0.5880 val_auroc 0.9166 best 0.9166@100
epoch  200 loss 0.2860 val_auroc 0.9329 best 0.9401@142
epoch  300 loss 0.2340 val_auroc 0.9324 best 0.9401@142
done gnn-gcn256L2_nobias_real_f1.0_lr1e-03_s1  auc=0.9190 ap=0.9218 ap_sparse=0.0066 best_epoch=142 0.05s/epoch peak=0.29640192GB
run gnn-gcn256L2_nobias_real_f1.0_lr1e-03_s2 @ 4638a4fe
epoch    0 loss 1.3800 val_auroc 0.7907 best 0.7907@0
epoch  100 loss 0.5765 val_auroc 0.8830 best 0.8830@100
epoch  200 loss 0.2815 val_auroc 0.9162 best 0.9197@173
epoch  300 loss 0.2755 val_auroc 0.9238 best 0.9273@292
epoch  400 loss 0.1941 val_auroc 0.9215 best 0.9273@292
done gnn-gcn256L2_nobias_real_f1.0_lr1e-03_s2  auc=0.9342 ap=0.9410 ap_sparse=0.0103 best_epoch=292 0.05s/epoch peak=0.29640704GB
run gnn-gcn256L2_nobias_real_f1.0_lr3e-03_s0 @ 4638a4fe
epoch    0 loss 1.3807 val_auroc 0.7792 best 0.7792@0
epoch  100 loss 0.3533 val_auroc 0.9184 best 0.9184@100
epoch  200 loss 0.2607 val_auroc 0.9196 best 0.9257@137
epoch  300 loss 0.2231 val_auroc 0.9239 best 0.9257@137
done gnn-gcn256L2_nobias_real_f1.0_lr3e-03_s0  auc=0.9350 ap=0.9376 ap_sparse=0.0104 best_epoch=137 0.05s/epoch peak=0.296421888GB
run gnn-gcn256L2_nobias_real_f1.0_lr3e-03_s1 @ 4638a4fe
epoch    0 loss 1.3724 val_auroc 0.8089 best 0.8089@0
epoch  100 loss 0.3876 val_auroc 0.9298 best 0.9317@86
epoch  200 loss 0.2571 val_auroc 0.9255 best 0.9317@86
epoch  300 loss 0.2136 val_auroc 0.9306 best 0.9350@259
epoch  400 loss 0.1930 val_auroc 0.9263 best 0.9350@317
epoch  500 loss 0.1556 val_auroc 0.9280 best 0.9350@317
done gnn-gcn256L2_nobias_real_f1.0_lr3e-03_s1  auc=0.9310 ap=0.9381 ap_sparse=0.0183 best_epoch=317 0.05s/epoch peak=0.296408064GB
run gnn-gcn256L2_nobias_real_f1.0_lr3e-03_s2 @ 4638a4fe
epoch    0 loss 1.3800 val_auroc 0.7910 best 0.7910@0
epoch  100 loss 0.3667 val_auroc 0.9172 best 0.9194@98
epoch  200 loss 0.2423 val_auroc 0.9282 best 0.9300@177
epoch  300 loss 0.2545 val_auroc 0.9291 best 0.9319@232
epoch  400 loss 0.1883 val_auroc 0.9259 best 0.9319@232
epoch  500 loss 0.1695 val_auroc 0.9262 best 0.9344@459
epoch  600 loss 0.1437 val_auroc 0.9265 best 0.9344@459
epoch  700 loss 0.1840 val_auroc 0.9282 best 0.9367@632
epoch  800 loss 0.1433 val_auroc 0.9318 best 0.9367@632
done gnn-gcn256L2_nobias_real_f1.0_lr3e-03_s2  auc=0.9335 ap=0.9431 ap_sparse=0.0193 best_epoch=632 0.05s/epoch peak=0.29640704GB
run gnn-sage256L2_nobias_real_f1.0_lr1e-03_s0 @ 4638a4fe
epoch    0 loss 1.3826 val_auroc 0.7107 best 0.7107@0
epoch  100 loss 0.5293 val_auroc 0.8849 best 0.8849@100
epoch  200 loss 0.2933 val_auroc 0.9036 best 0.9085@158
epoch  300 loss 0.2196 val_auroc 0.9082 best 0.9143@264
epoch  400 loss 0.1741 val_auroc 0.9085 best 0.9143@264
done gnn-sage256L2_nobias_real_f1.0_lr1e-03_s0  auc=0.9265 ap=0.9262 ap_sparse=0.0073 best_epoch=264 0.05s/epoch peak=0.303693824GB
run gnn-sage256L2_nobias_real_f1.0_lr1e-03_s1 @ 4638a4fe
epoch    0 loss 1.3747 val_auroc 0.7493 best 0.7493@0
epoch  100 loss 0.5705 val_auroc 0.9051 best 0.9051@100
epoch  200 loss 0.2753 val_auroc 0.9311 best 0.9329@174
epoch  300 loss 0.2062 val_auroc 0.9289 best 0.9357@261
epoch  400 loss 0.1848 val_auroc 0.9286 best 0.9357@261
done gnn-sage256L2_nobias_real_f1.0_lr1e-03_s1  auc=0.9162 ap=0.9213 ap_sparse=0.0070 best_epoch=261 0.05s/epoch peak=0.303368704GB
run gnn-sage256L2_nobias_real_f1.0_lr1e-03_s2 @ 4638a4fe
epoch    0 loss 1.3816 val_auroc 0.7267 best 0.7267@0
epoch  100 loss 0.5337 val_auroc 0.8993 best 0.8993@99
epoch  200 loss 0.2577 val_auroc 0.9126 best 0.9172@183
epoch  300 loss 0.2763 val_auroc 0.9194 best 0.9219@258
epoch  400 loss 0.1728 val_auroc 0.9172 best 0.9255@388
epoch  500 loss 0.1664 val_auroc 0.9072 best 0.9255@388
done gnn-sage256L2_nobias_real_f1.0_lr1e-03_s2  auc=0.9242 ap=0.9301 ap_sparse=0.0074 best_epoch=388 0.05s/epoch peak=0.303333376GB
run gnn-sage256L2_nobias_real_f1.0_lr3e-03_s0 @ 4638a4fe
epoch    0 loss 1.3826 val_auroc 0.7137 best 0.7137@0
epoch  100 loss 0.3582 val_auroc 0.9097 best 0.9097@100
epoch  200 loss 0.2674 val_auroc 0.9126 best 0.9179@156
epoch  300 loss 0.2068 val_auroc 0.9199 best 0.9213@276
epoch  400 loss 0.1667 val_auroc 0.9150 best 0.9228@312
epoch  500 loss 0.1354 val_auroc 0.9162 best 0.9228@312
done gnn-sage256L2_nobias_real_f1.0_lr3e-03_s0  auc=0.9266 ap=0.9293 ap_sparse=0.0102 best_epoch=312 0.05s/epoch peak=0.303179776GB
run gnn-sage256L2_nobias_real_f1.0_lr3e-03_s1 @ 4638a4fe
epoch    0 loss 1.3747 val_auroc 0.7477 best 0.7477@0
epoch  100 loss 0.3971 val_auroc 0.9303 best 0.9311@88
epoch  200 loss 0.2383 val_auroc 0.9303 best 0.9367@132
epoch  300 loss 0.2022 val_auroc 0.9280 best 0.9367@132
done gnn-sage256L2_nobias_real_f1.0_lr3e-03_s1  auc=0.9193 ap=0.9242 ap_sparse=0.0075 best_epoch=132 0.05s/epoch peak=0.303369728GB
run gnn-sage256L2_nobias_real_f1.0_lr3e-03_s2 @ 4638a4fe
epoch    0 loss 1.3816 val_auroc 0.7252 best 0.7252@0
epoch  100 loss 0.3643 val_auroc 0.9197 best 0.9218@89
epoch  200 loss 0.2366 val_auroc 0.9258 best 0.9343@181
epoch  300 loss 0.2495 val_auroc 0.9258 best 0.9343@181
done gnn-sage256L2_nobias_real_f1.0_lr3e-03_s2  auc=0.9291 ap=0.9366 ap_sparse=0.0077 best_epoch=181 0.05s/epoch peak=0.30323968GB
run gnn-gin256L2_nobias_real_f1.0_lr1e-03_s0 @ 4638a4fe
epoch    0 loss 1.3828 val_auroc 0.7611 best 0.7611@0
epoch  100 loss 0.5444 val_auroc 0.8943 best 0.8943@100
epoch  200 loss 0.3613 val_auroc 0.9061 best 0.9064@156
epoch  300 loss 0.2886 val_auroc 0.9054 best 0.9120@224
epoch  400 loss 0.2366 val_auroc 0.9078 best 0.9135@356
epoch  500 loss 0.1920 val_auroc 0.9110 best 0.9149@431
epoch  600 loss 0.1856 val_auroc 0.9109 best 0.9149@431
done gnn-gin256L2_nobias_real_f1.0_lr1e-03_s0  auc=0.9225 ap=0.9199 ap_sparse=0.0082 best_epoch=431 0.05s/epoch peak=0.309521408GB
run gnn-gin256L2_nobias_real_f1.0_lr1e-03_s1 @ 4638a4fe
epoch    0 loss 1.3745 val_auroc 0.7599 best 0.7599@0
epoch  100 loss 0.5778 val_auroc 0.9232 best 0.9257@99
epoch  200 loss 0.3431 val_auroc 0.9281 best 0.9391@173
epoch  300 loss 0.2756 val_auroc 0.9338 best 0.9393@261
epoch  400 loss 0.2487 val_auroc 0.9306 best 0.9433@358
epoch  500 loss 0.2061 val_auroc 0.9325 best 0.9433@358
done gnn-gin256L2_nobias_real_f1.0_lr1e-03_s1  auc=0.9134 ap=0.9144 ap_sparse=0.0062 best_epoch=358 0.05s/epoch peak=0.309500928GB
run gnn-gin256L2_nobias_real_f1.0_lr1e-03_s2 @ 4638a4fe
epoch    0 loss 1.3817 val_auroc 0.7349 best 0.7349@0
epoch  100 loss 0.5704 val_auroc 0.8891 best 0.8891@100
epoch  200 loss 0.3362 val_auroc 0.9111 best 0.9159@197
epoch  300 loss 0.3139 val_auroc 0.9195 best 0.9266@261
epoch  400 loss 0.2154 val_auroc 0.9215 best 0.9266@261
done gnn-gin256L2_nobias_real_f1.0_lr1e-03_s2  auc=0.9263 ap=0.9267 ap_sparse=0.0056 best_epoch=261 0.05s/epoch peak=0.309496832GB
run gnn-gin256L2_nobias_real_f1.0_lr3e-03_s0 @ 4638a4fe
epoch    0 loss 1.3828 val_auroc 0.7749 best 0.7749@0
epoch  100 loss 0.4623 val_auroc 0.9015 best 0.9066@88
epoch  200 loss 0.3482 val_auroc 0.9096 best 0.9159@119
epoch  300 loss 0.2880 val_auroc 0.9125 best 0.9167@273
epoch  400 loss 0.2272 val_auroc 0.9119 best 0.9174@329
epoch  500 loss 0.1976 val_auroc 0.9164 best 0.9177@441
epoch  600 loss 0.2011 val_auroc 0.9162 best 0.9187@597
epoch  700 loss 0.2084 val_auroc 0.9157 best 0.9187@597
epoch  800 loss 0.1629 val_auroc 0.9115 best 0.9196@712
epoch  900 loss 0.1738 val_auroc 0.9157 best 0.9196@712
done gnn-gin256L2_nobias_real_f1.0_lr3e-03_s0  auc=0.9292 ap=0.9359 ap_sparse=0.0143 best_epoch=712 0.05s/epoch peak=0.309489664GB
run gnn-gin256L2_nobias_real_f1.0_lr3e-03_s1 @ 4638a4fe
epoch    0 loss 1.3745 val_auroc 0.7577 best 0.7577@0
epoch  100 loss 0.4808 val_auroc 0.9346 best 0.9390@81
epoch  200 loss 0.3436 val_auroc 0.9328 best 0.9402@172
epoch  300 loss 0.2777 val_auroc 0.9326 best 0.9402@172
done gnn-gin256L2_nobias_real_f1.0_lr3e-03_s1  auc=0.9138 ap=0.9194 ap_sparse=0.0061 best_epoch=172 0.05s/epoch peak=0.309485056GB
run gnn-gin256L2_nobias_real_f1.0_lr3e-03_s2 @ 4638a4fe
epoch    0 loss 1.3817 val_auroc 0.7450 best 0.7450@0
epoch  100 loss 0.4381 val_auroc 0.9123 best 0.9134@82
epoch  200 loss 0.2891 val_auroc 0.9161 best 0.9246@189
epoch  300 loss 0.3082 val_auroc 0.9242 best 0.9296@290
epoch  400 loss 0.2101 val_auroc 0.9268 best 0.9302@342
epoch  500 loss 0.2083 val_auroc 0.9209 best 0.9331@411
epoch  600 loss 0.1639 val_auroc 0.9274 best 0.9331@411
done gnn-gin256L2_nobias_real_f1.0_lr3e-03_s2  auc=0.9277 ap=0.9338 ap_sparse=0.0106 best_epoch=411 0.05s/epoch peak=0.309482496GB
run gnn-gat256L2_nobias_real_f1.0_lr1e-03_s0 @ 4638a4fe
epoch    0 loss 1.3803 val_auroc 0.7915 best 0.7915@0
epoch  100 loss 0.5461 val_auroc 0.8873 best 0.8873@100
epoch  200 loss 0.2839 val_auroc 0.9073 best 0.9110@156
epoch  300 loss 0.2244 val_auroc 0.9102 best 0.9129@262
epoch  400 loss 0.1825 val_auroc 0.9073 best 0.9129@262
done gnn-gat256L2_nobias_real_f1.0_lr1e-03_s0  auc=0.9266 ap=0.9309 ap_sparse=0.0091 best_epoch=262 0.06s/epoch peak=0.32437504GB
run gnn-gat256L2_nobias_real_f1.0_lr1e-03_s1 @ 4638a4fe
epoch    0 loss 1.3724 val_auroc 0.8068 best 0.8068@0
epoch  100 loss 0.5572 val_auroc 0.9266 best 0.9266@100
epoch  200 loss 0.2755 val_auroc 0.9393 best 0.9456@142
epoch  300 loss 0.2243 val_auroc 0.9387 best 0.9456@142
done gnn-gat256L2_nobias_real_f1.0_lr1e-03_s1  auc=0.9170 ap=0.9176 ap_sparse=0.0063 best_epoch=142 0.08s/epoch peak=0.324388352GB
run gnn-gat256L2_nobias_real_f1.0_lr1e-03_s2 @ 4638a4fe
epoch    0 loss 1.3795 val_auroc 0.7921 best 0.7921@0
epoch  100 loss 0.5443 val_auroc 0.9018 best 0.9018@100
epoch  200 loss 0.2742 val_auroc 0.9118 best 0.9198@119
epoch  300 loss 0.2708 val_auroc 0.9215 best 0.9226@298
epoch  400 loss 0.1852 val_auroc 0.9205 best 0.9229@388
epoch  500 loss 0.1690 val_auroc 0.9149 best 0.9235@420
epoch  600 loss 0.1335 val_auroc 0.9181 best 0.9235@564
epoch  700 loss 0.1685 val_auroc 0.9217 best 0.9278@663
epoch  800 loss 0.1469 val_auroc 0.9214 best 0.9278@663
done gnn-gat256L2_nobias_real_f1.0_lr1e-03_s2  auc=0.9339 ap=0.9434 ap_sparse=0.0142 best_epoch=663 0.07s/epoch peak=0.324590592GB
run gnn-gat256L2_nobias_real_f1.0_lr3e-03_s0 @ 4638a4fe
epoch    0 loss 1.3803 val_auroc 0.7922 best 0.7922@0
epoch  100 loss 0.3260 val_auroc 0.9179 best 0.9179@100
epoch  200 loss 0.2627 val_auroc 0.9178 best 0.9253@156
epoch  300 loss 0.2054 val_auroc 0.9207 best 0.9253@156
done gnn-gat256L2_nobias_real_f1.0_lr3e-03_s0  auc=0.9361 ap=0.9386 ap_sparse=0.0094 best_epoch=156 0.06s/epoch peak=0.324306432GB
run gnn-gat256L2_nobias_real_f1.0_lr3e-03_s1 @ 4638a4fe
epoch    0 loss 1.3724 val_auroc 0.8073 best 0.8073@0
epoch  100 loss 0.3661 val_auroc 0.9356 best 0.9384@92
epoch  200 loss 0.2534 val_auroc 0.9366 best 0.9420@175
epoch  300 loss 0.2175 val_auroc 0.9373 best 0.9420@175
epoch  400 loss 0.1786 val_auroc 0.9333 best 0.9422@358
epoch  500 loss 0.1552 val_auroc 0.9414 best 0.9422@358
done gnn-gat256L2_nobias_real_f1.0_lr3e-03_s1  auc=0.9289 ap=0.9390 ap_sparse=0.0152 best_epoch=358 0.06s/epoch peak=0.32462592GB
run gnn-gat256L2_nobias_real_f1.0_lr3e-03_s2 @ 4638a4fe
epoch    0 loss 1.3795 val_auroc 0.7903 best 0.7903@0
epoch  100 loss 0.3557 val_auroc 0.9181 best 0.9253@82
epoch  200 loss 0.2323 val_auroc 0.9250 best 0.9284@160
epoch  300 loss 0.2505 val_auroc 0.9273 best 0.9289@232
epoch  400 loss 0.1774 val_auroc 0.9239 best 0.9289@232
done gnn-gat256L2_nobias_real_f1.0_lr3e-03_s2  auc=0.9354 ap=0.9442 ap_sparse=0.0148 best_epoch=232 0.06s/epoch peak=0.324525568GB
run none_nobias_real_f1.0_lr3e-04_s0 @ 4638a4fe
epoch    0 loss 1.3842 val_auroc 0.7327 best 0.7327@0
epoch  100 loss 0.6088 val_auroc 0.8415 best 0.8469@20
epoch  200 loss 0.2516 val_auroc 0.9019 best 0.9019@200
epoch  300 loss 0.1903 val_auroc 0.9025 best 0.9059@268
epoch  400 loss 0.1516 val_auroc 0.9049 best 0.9059@268
epoch  500 loss 0.1255 val_auroc 0.9009 best 0.9067@419
epoch  600 loss 0.1334 val_auroc 0.8918 best 0.9067@419
done none_nobias_real_f1.0_lr3e-04_s0  auc=0.9154 ap=0.9260 ap_sparse=0.0196 best_epoch=419 0.07s/epoch peak=0.517211648GB
run none_nobias_real_f1.0_lr3e-04_s1 @ 4638a4fe
epoch    0 loss 1.3758 val_auroc 0.7453 best 0.7453@0
epoch  100 loss 0.5987 val_auroc 0.8755 best 0.8783@22
epoch  200 loss 0.2439 val_auroc 0.9207 best 0.9228@171
epoch  300 loss 0.1841 val_auroc 0.9194 best 0.9243@223
epoch  400 loss 0.1642 val_auroc 0.9196 best 0.9243@223
done none_nobias_real_f1.0_lr3e-04_s1  auc=0.9177 ap=0.9248 ap_sparse=0.0104 best_epoch=223 0.07s/epoch peak=0.517211648GB
run none_nobias_real_f1.0_lr3e-04_s2 @ 4638a4fe
epoch    0 loss 1.3832 val_auroc 0.7450 best 0.7450@0
epoch  100 loss 0.6026 val_auroc 0.8361 best 0.8583@20
epoch  200 loss 0.2504 val_auroc 0.8917 best 0.8922@185
epoch  300 loss 0.2261 val_auroc 0.8955 best 0.8979@246
epoch  400 loss 0.1596 val_auroc 0.8928 best 0.8979@246
done none_nobias_real_f1.0_lr3e-04_s2  auc=0.9226 ap=0.9361 ap_sparse=0.0103 best_epoch=246 0.07s/epoch peak=0.517211648GB
smoke exit 0
